
The default interactive shell is now zsh.
To update your account to use zsh, please run `chsh -s /bin/zsh`.
For more details, please visit https://support.apple.com/kb/HT208050.
]0;~/My computer/Projects/R-DSTART[?1034hMacBook-Air-van-Farshad:R-DSTART farshadgoldoust$ [KMacBook-Air-van-Farshad:R-DSTART farshadgoldoust$ git initi
git: 'initi' is not a git command. See 'git --help'.

The most similar command is
	init
]0;~/My computer/Projects/R-DSTARTMacBook-Air-van-Farshad:R-DSTART farshadgoldoust$ git init
Initialized empty Git repository in /Users/farshadgoldoust/My computer/Projects/R-DSTART/.git/
]0;~/My computer/Projects/R-DSTARTMacBook-Air-van-Farshad:R-DSTART farshadgoldoust$ [KMacBook-Air-van-Farshad:R-DSTART farshadgoldoust$ [KMacBook-Air-van-Farshad:R-DSTART farshadgoldoust$ [KMacBook-Air-van-Farshad:R-DSTART farshadgoldoust$ [KMacBook-Air-van-Farshad:R-DSTART farshadgoldoust$ git pull
Already up to date.
]0;~/My computer/Projects/R-DSTARTMacBook-Air-van-Farshad:R-DSTART farshadgoldoust$ git status
On branch master
Your branch is up to date with 'origin/master'.

Changes not staged for commit:
  (use "git add <file>..." to update what will be committed)
  (use "git restore <file>..." to discard changes in working directory)
	[31mmodified:   .Rproj.user/61B4EFF4/console06/D79D4728[m
	[31mmodified:   .Rproj.user/61B4EFF4/console06/INDEX001[m

no changes added to commit (use "git add" and/or "git commit -a")
]0;~/My computer/Projects/R-DSTARTMacBook-Air-van-Farshad:R-DSTART farshadgoldoust$ git irgig[K[K[K[K[Koro[Kigin
git: 'origin' is not a git command. See 'git --help'.
]0;~/My computer/Projects/R-DSTARTMacBook-Air-van-Farshad:R-DSTART farshadgoldoust$ git --help
usage: git [--version] [--help] [-C <path>] [-c <name>=<value>]
           [--exec-path[=<path>]] [--html-path] [--man-path] [--info-path]
           [-p | --paginate | -P | --no-pager] [--no-replace-objects] [--bare]
           [--git-dir=<path>] [--work-tree=<path>] [--namespace=<name>]
           <command> [<args>]

These are common Git commands used in various situations:

start a working area (see also: git help tutorial)
   clone     Clone a repository into a new directory
   init      Create an empty Git repository or reinitialize an existing one

work on the current change (see also: git help everyday)
   add       Add file contents to the index
   mv        Move or rename a file, a directory, or a symlink
   restore   Restore working tree files
   rm        Remove files from the working tree and from the index

examine the history and state (see also: git help revisions)
   bisect    Use binary search to find the commit that introduced a bug
   diff      Show changes between commits, commit and working tree, etc
   grep      Print lines matching a pattern
   log       Show commit logs
   show      Show various types of objects
   status    Show the working tree status

grow, mark and tweak your common history
   branch    List, create, or delete branches
   commit    Record changes to the repository
   merge     Join two or more development histories together
   rebase    Reapply commits on top of another base tip
   reset     Reset current HEAD to the specified state
   switch    Switch branches
   tag       Create, list, delete or verify a tag object signed with GPG

collaborate (see also: git help workflows)
   fetch     Download objects and refs from another repository
   pull      Fetch from and integrate with another repository or a local branch
   push      Update remote refs along with associated objects

'git help -a' and 'git help -g' list available subcommands and some
concept guides. See 'git help <command>' or 'git help <concept>'
to read about a specific subcommand or concept.
See 'git help git' for an overview of the system.
]0;~/My computer/Projects/R-DSTARTMacBook-Air-van-Farshad:R-DSTART farshadgoldoust$ git log
[?1h=[33mcommit 82429335e0d91553a0914e2b81da9588a09361d7[m[33m ([m[1;36mHEAD -> [m[1;32mmaster[m[33m, [m[1;31morigin/master[m[33m)[m[m
Author: Farshad Goldoust <fgoldoust@gmail.com>[m
Date:   Wed Jun 24 20:29:34 2020 +0200[m
[m
    git.init[m
    [m
    initialization gir repo[m
[K[?1l>]0;~/My computer/Projects/R-DSTARTMacBook-Air-van-Farshad:R-DSTART farshadgoldoust$ git statau[K[Ky[Kus
On branch master
Your branch is up to date with 'origin/master'.

Changes not staged for commit:
  (use "git add/rm <file>..." to update what will be committed)
  (use "git restore <file>..." to discard changes in working directory)
	[31mmodified:   .DS_Store[m
	[31mmodified:   .Rproj.user/61B4EFF4/console06/D79D4728[m
	[31mmodified:   .Rproj.user/61B4EFF4/console06/INDEX001[m
	[31mdeleted:    Jerry Banks, John S. Carson II, Barry L. Nelson, David M. Nicol - Discrete-Event System Simulation-Pearson (2013).pdf[m
	[31mdeleted:    Kofman, Ernesto_ Muzu, Alexandre_ Zeigler, Bernard P et al. - Theory of modeling and simulation_ discrete event and iterative system computational foundations-Elsevier, Academic Press (2019).pdf[m

no changes added to commit (use "git add" and/or "git commit -a")
]0;~/My computer/Projects/R-DSTARTMacBook-Air-van-Farshad:R-DSTART farshadgoldoust$ git commit -m "added[K[K[K[K[Kfiles e[Kremoved"
On branch master
Your branch is up to date with 'origin/master'.

Changes not staged for commit:
	[31mmodified:   .DS_Store[m
	[31mmodified:   .Rproj.user/61B4EFF4/console06/D79D4728[m
	[31mmodified:   .Rproj.user/61B4EFF4/console06/INDEX001[m
	[31mdeleted:    Jerry Banks, John S. Carson II, Barry L. Nelson, David M. Nicol - Discrete-Event System Simulation-Pearson (2013).pdf[m
	[31mdeleted:    Kofman, Ernesto_ Muzu, Alexandre_ Zeigler, Bernard P et al. - Theory of modeling and simulation_ discrete event and iterative system computational foundations-Elsevier, Academic Press (2019).pdf[m

no changes added to commit
]0;~/My computer/Projects/R-DSTARTMacBook-Air-van-Farshad:R-DSTART farshadgoldoust$ git add .